║             TXADMIN║ ================================================================
║             TXADMIN║ ======== [7192] FXServer Starting - 5/9/2026, 8:15:14 pm        
║             TXADMIN║ ================================================================
[20:15:15] [ info] [citizen-server-i] Scanning resources
[20:15:15] [ info] [citizen-server-i] Found 93 resources
[20:15:15] [ warn] [citizen-resource] Resource 'pillbox' uses the deprecated 'stream/' folder. Please rename it to 'stream_enhanced/' for future compatibility.
[20:15:15] [ warn] [citizen-resource] Resource 'bob74_ipl' uses the deprecated 'stream/' folder. Please rename it to 'stream_enhanced/' for future compatibility.
[20:15:15] [ warn] [citizen-resource] Resource 'qbx_density' uses the deprecated 'stream/' folder. Please rename it to 'stream_enhanced/' for future compatibility.
[20:15:15] [ warn] [citizen-resource] Resource 'qbx_customs' uses the deprecated 'stream/' folder. Please rename it to 'stream_enhanced/' for future compatibility.
[20:15:15] [ warn] [citizen-resource] Resource 'qbx_properties' uses the deprecated 'stream/' folder. Please rename it to 'stream_enhanced/' for future compatibility.
[20:15:15] [ warn] [citizen-resource] Resource 'qbx_hud' uses the deprecated 'stream/' folder. Please rename it to 'stream_enhanced/' for future compatibility.
[20:15:15] [ warn] [citizen-resource] Resource 'ultra-voltlab' uses the deprecated 'stream/' folder. Please rename it to 'stream_enhanced/' for future compatibility.
[20:15:15] [ warn] [citizen-resource] Resource 'scully_emotemenu' uses the deprecated 'stream/' folder. Please rename it to 'stream_enhanced/' for future compatibility.
[20:15:15] [error] [           fivem] sv_enforceGameBuild is used with an invalid value 3258. Only 1 is supported to remove any game dlcs.
[20:15:16] [ info] [         txadmin] [txAdmin] Resource v9.0.0-beta-646aba9a threads and commands set up. All Ready.
[20:15:16] [ info] [citizen-server-i] Starting resource mapmanager
[20:15:16] [ info] [citizen-server-i] Started resource mapmanager
[20:15:16] [ info] [citizen-server-i] Starting resource spawnmanager
[20:15:16] [ info] [citizen-server-i] Started resource spawnmanager
[20:15:16] [error] [citizen-server-i] Failed to ensure resource sessionmanager. Error: Resource "sessionmanager" not found
[20:15:16] [ info] [citizen-server-i] Stopped resource basic-gamemode
[20:15:16] [error] [citizen-server-i] Failed to ensure resource hardcap. Error: Resource "hardcap" not found
[20:15:16] [ info] [citizen-server-i] Starting resource baseevents
[20:15:16] [ info] [citizen-server-i] Started resource baseevents
[20:15:16] [ info] [citizen-server-i] Starting resource ox_lib
[20:15:17] [ info] [citizen-server-i] Started resource ox_lib
[20:15:17] [ info] [citizen-server-i] Starting resource qbx_core
[20:15:17] [ info] [citizen-server-i] Started resource qbx_core
[20:15:17] [ info] [citizen-server-i] Starting resource ox_target
[20:15:17] [ info] [citizen-server-i] Started resource ox_target
[20:15:17] [ info] [citizen-server-i] Starting resource ox_doorlock
[20:15:17] [ info] [citizen-server-i] Started resource ox_doorlock
[20:15:17] [ info] [citizen-server-i] Starting resource ox_fuel
[20:15:17] [ info] [citizen-server-i] Started resource ox_fuel
[20:15:17] [ info] [citizen-server-i] Starting resource qbx_adminmenu
[20:15:17] [ info] [citizen-server-i] Started resource qbx_adminmenu
[20:15:17] [ info] [citizen-server-i] Starting resource qbx_ambulancejob
[20:15:18] [ info] [citizen-server-i] Started resource qbx_ambulancejob
[20:15:18] [ info] [citizen-server-i] Starting resource qbx_bankrobbery
[20:15:18] [ info] [citizen-server-i] Started resource qbx_bankrobbery
[20:15:18] [ info] [citizen-server-i] Starting resource qbx_binoculars
[20:15:18] [ info] [citizen-server-i] Started resource qbx_binoculars
[20:15:18] [ info] [citizen-server-i] Starting resource qbx_busjob
[20:15:18] [ info] [citizen-server-i] Started resource qbx_busjob
[20:15:18] [ info] [citizen-server-i] Starting resource qbx_carwash
[20:15:18] [ info] [citizen-server-i] Started resource qbx_carwash
[20:15:18] [ info] [citizen-server-i] Starting resource qbx_chat_theme
[20:15:18] [ info] [citizen-server-i] Started resource qbx_chat_theme
[20:15:18] [ info] [citizen-server-i] Starting resource qbx_cityhall
[20:15:18] [ info] [citizen-server-i] Started resource qbx_cityhall
[20:15:18] [ info] [citizen-server-i] Starting resource qbx_customs
[20:15:18] [error] [citizen-server-i] Rsc7 file stream/vehicle_paint_ramps.ytd in resource qbx_customs has version 13, expected 5. Skipping cache generation for this file.
[20:15:18] [ info] [citizen-server-i] Started resource qbx_customs
[20:15:18] [ info] [citizen-server-i] Starting resource qbx_density
[20:15:18] [ info] [citizen-server-i] Started resource qbx_density
[20:15:18] [ info] [citizen-server-i] Starting resource qbx_divegear
[20:15:18] [ info] [citizen-server-i] Started resource qbx_divegear
[20:15:18] [ info] [citizen-server-i] Starting resource qbx_diving
[20:15:18] [ info] [citizen-server-i] Started resource qbx_diving
[20:15:18] [ info] [citizen-server-i] Starting resource qbx_drugs
[20:15:18] [ info] [citizen-server-i] Started resource qbx_drugs
[20:15:18] [ info] [citizen-server-i] Starting resource qbx_fireworks
[20:15:18] [ info] [citizen-server-i] Started resource qbx_fireworks
[20:15:18] [ info] [citizen-server-i] Starting resource qbx_garages
[20:15:18] [ info] [citizen-server-i] Started resource qbx_garages
[20:15:18] [ info] [citizen-server-i] Starting resource qbx_garbagejob
[20:15:18] [ info] [citizen-server-i] Started resource qbx_garbagejob
[20:15:18] [ info] [citizen-server-i] Starting resource qbx_houserobbery
[20:15:18] [ info] [citizen-server-i] Started resource qbx_houserobbery
[20:15:18] [ info] [citizen-server-i] Starting resource qbx_hud
[20:15:18] [error] [citizen-server-i] Rsc7 file stream/circlemap.ytd in resource qbx_hud has version 13, expected 5. Skipping cache generation for this file.
[20:15:18] [error] [citizen-server-i] Rsc7 file stream/minimap.ytd in resource qbx_hud has version 13, expected 5. Skipping cache generation for this file.
[20:15:18] [error] [citizen-server-i] Rsc7 file stream/squaremap.ytd in resource qbx_hud has version 13, expected 5. Skipping cache generation for this file.
[20:15:18] [ info] [citizen-server-i] Started resource qbx_hud
[20:15:18] [ info] [citizen-server-i] Starting resource qbx_idcard
[20:15:18] [ info] [citizen-server-i] Started resource qbx_idcard
[20:15:18] [ info] [citizen-server-i] Starting resource qbx_jewelery
[20:15:18] [ info] [citizen-server-i] Started resource qbx_jewelery
[20:15:18] [ info] [citizen-server-i] Starting resource qbx_lapraces
[20:15:18] [ info] [citizen-server-i] Started resource qbx_lapraces
[20:15:18] [ info] [citizen-server-i] Starting resource qbx_management
[20:15:18] [ info] [citizen-server-i] Started resource qbx_management
[20:15:18] [ info] [citizen-server-i] Starting resource qbx_mechanicjob
[20:15:18] [ info] [citizen-server-i] Started resource qbx_mechanicjob
[20:15:18] [ info] [citizen-server-i] Starting resource qbx_newsjob
[20:15:18] [ info] [citizen-server-i] Started resource qbx_newsjob
[20:15:18] [ info] [citizen-server-i] Starting resource qbx_pawnshop
[20:15:18] [ info] [citizen-server-i] Started resource qbx_pawnshop
[20:15:18] [ info] [citizen-server-i] Starting resource qbx_police
[20:15:18] [ info] [citizen-server-i] Started resource qbx_police
[20:15:18] [ info] [citizen-server-i] Starting resource qbx_properties
[20:15:18] [error] [citizen-server-i] Rsc7 file stream/auto_shop_board.ytd in resource qbx_properties has version 13, expected 5. Skipping cache generation for this file.
[20:15:18] [error] [citizen-server-i] Rsc7 file stream/auto_shop_board_img.ytd in resource qbx_properties has version 13, expected 5. Skipping cache generation for this file.
[20:15:18] [ info] [citizen-server-i] Started resource qbx_properties
[20:15:18] [ info] [citizen-server-i] Starting resource qbx_radialmenu
[20:15:18] [ info] [citizen-server-i] Started resource qbx_radialmenu
[20:15:18] [ info] [citizen-server-i] Starting resource qbx_recyclejob
[20:15:18] [ info] [citizen-server-i] Started resource qbx_recyclejob
[20:15:18] [ info] [citizen-server-i] Starting resource qbx_scoreboard
[20:15:18] [ info] [citizen-server-i] Started resource qbx_scoreboard
[20:15:18] [ info] [citizen-server-i] Starting resource qbx_scrapyard
[20:15:18] [ info] [citizen-server-i] Started resource qbx_scrapyard
[20:15:18] [ info] [citizen-server-i] Starting resource qbx_seatbelt
[20:15:19] [ info] [citizen-server-i] Started resource qbx_seatbelt
[20:15:19] [ info] [citizen-server-i] Starting resource qbx_smallresources
[20:15:19] [ info] [qbx_smallresourc] [qbx_smallresources] [WARN] [qbx_entitiesblacklist] You have entity blacklist enabled, this means that any entity that is blacklisted in config.lua will not be able to spawn, you can change this in qbx_smallresource/qbx_entitiesblacklist/config.lua
[20:15:19] [ info] [citizen-server-i] Started resource qbx_smallresources
[20:15:19] [ info] [citizen-server-i] Starting resource qbx_spawn
[20:15:19] [ info] [citizen-server-i] Started resource qbx_spawn
[20:15:19] [ info] [citizen-server-i] Starting resource qbx_storerobbery
[20:15:19] [ info] [citizen-server-i] Started resource qbx_storerobbery
[20:15:19] [ info] [citizen-server-i] Starting resource qbx_streetraces
[20:15:19] [ info] [citizen-server-i] Started resource qbx_streetraces
[20:15:19] [ info] [citizen-server-i] Starting resource qbx_taxijob
[20:15:19] [ info] [citizen-server-i] Started resource qbx_taxijob
[20:15:19] [ info] [citizen-server-i] Starting resource qbx_towjob
[20:15:19] [ info] [citizen-server-i] Started resource qbx_towjob
[20:15:19] [ info] [citizen-server-i] Starting resource qbx_truckerjob
[20:15:19] [ info] [citizen-server-i] Started resource qbx_truckerjob
[20:15:19] [ info] [citizen-server-i] Starting resource qbx_truckrobbery
[20:15:19] [ info] [citizen-server-i] Started resource qbx_truckrobbery
[20:15:19] [ info] [citizen-server-i] Starting resource qbx_vehiclekeys
[20:15:19] [ info] [citizen-server-i] Started resource qbx_vehiclekeys
[20:15:19] [ info] [citizen-server-i] Starting resource qbx_vehicles
[20:15:19] [ info] [citizen-server-i] Started resource qbx_vehicles
[20:15:19] [ info] [citizen-server-i] Starting resource qbx_vehiclesales
[20:15:19] [ info] [citizen-server-i] Started resource qbx_vehiclesales
[20:15:19] [ info] [citizen-server-i] Starting resource qbx_vehicleshop
[20:15:19] [ info] [citizen-server-i] Started resource qbx_vehicleshop
[20:15:19] [ info] [citizen-server-i] Starting resource qbx_vineyard
[20:15:19] [ info] [citizen-server-i] Started resource qbx_vineyard
[20:15:19] [ info] [citizen-server-i] Starting resource qbx_weed
[20:15:19] [ info] [citizen-server-i] Started resource qbx_weed
[20:15:19] [ info] [citizen-server-i] Starting resource bob74_ipl
[20:15:19] [error] [citizen-server-i] Failed to start resource bob74_ipl. Error: Failed to generate cache for set: resource.rpf
[20:15:19] [ info] [citizen-server-i] Starting resource illenium-appearance
[20:15:19] [ info] [citizen-server-i] Started resource illenium-appearance
[20:15:19] [ info] [citizen-server-i] Starting resource loadscreen
[20:15:19] [ info] [citizen-server-i] Started resource loadscreen
[20:15:19] [ info] [citizen-server-i] Starting resource mana_audio
[20:15:19] [ info] [citizen-server-i] Started resource mana_audio
[20:15:19] [ info] [citizen-server-i] Starting resource mhacking
[20:15:19] [ info] [citizen-server-i] Started resource mhacking
[20:15:19] [ info] [citizen-server-i] Starting resource Renewed-Banking
[20:15:19] [ info] [citizen-server-i] Started resource Renewed-Banking
[20:15:19] [ info] [citizen-server-i] Starting resource Renewed-Weathersync
[20:15:19] [ info] [citizen-server-i] Started resource Renewed-Weathersync
[20:15:19] [ info] [citizen-server-i] Starting resource safecracker
[20:15:19] [ info] [citizen-server-i] Started resource safecracker
[20:15:19] [ info] [citizen-server-i] Starting resource screencapture
[20:15:20] [ info] [citizen-server-i] Started resource screencapture
[20:15:20] [ info] [citizen-server-i] Starting resource scully_emotemenu
[20:15:20] [error] [citizen-server-i] Rsc7 file stream/[Animations]/[Sharror]/fgunpose@sharror.ycd in resource scully_emotemenu has version 80, expected 46. Skipping cache generation for this file.
[20:15:20] [error] [citizen-server-i] Rsc7 file stream/[Animations]/[Sharror]/fmodelpose1@sharror.ycd in resource scully_emotemenu has version 80, expected 46. Skipping cache generation for this file.
[20:15:20] [error] [citizen-server-i] Rsc7 file stream/[Animations]/[Sharror]/fmodelpose2@sharror.ycd in resource scully_emotemenu has version 80, expected 46. Skipping cache generation for this file.
[20:15:20] [error] [citizen-server-i] Rsc7 file stream/[Animations]/[Sharror]/fmodelpose3@sharror.ycd in resource scully_emotemenu has version 80, expected 46. Skipping cache generation for this file.
[20:15:20] [error] [citizen-server-i] Rsc7 file stream/[Animations]/[Sharror]/handinpocket@sharror.ycd in resource scully_emotemenu has version 80, expected 46. Skipping cache generation for this file.
[20:15:20] [error] [citizen-server-i] Rsc7 file stream/[Animations]/[Sharror]/lookdown@sharror.ycd in resource scully_emotemenu has version 80, expected 46. Skipping cache generation for this file.
[20:15:20] [error] [citizen-server-i] Rsc7 file stream/[Animations]/[Sharror]/mmodelpose1@sharror.ycd in resource scully_emotemenu has version 80, expected 46. Skipping cache generation for this file.
[20:15:20] [error] [citizen-server-i] Rsc7 file stream/[Animations]/[Sharror]/perspective1@sharror.ycd in resource scully_emotemenu has version 80, expected 46. Skipping cache generation for this file.
[20:15:20] [error] [citizen-server-i] Rsc7 file stream/[Animations]/[Sharror]/perspective2@sharror.ycd in resource scully_emotemenu has version 80, expected 46. Skipping cache generation for this file.
[20:15:20] [error] [citizen-server-i] Rsc7 file stream/[Animations]/[Sharror]/sitonground1@sharror.ycd in resource scully_emotemenu has version 80, expected 46. Skipping cache generation for this file.
[20:15:20] [error] [citizen-server-i] Rsc7 file stream/[Animations]/[Sharror]/stairpose1@sharror.ycd in resource scully_emotemenu has version 80, expected 46. Skipping cache generation for this file.
[20:15:20] [error] [citizen-server-i] Rsc7 file stream/[Animations]/[Sharror]/stairpose2@sharror.ycd in resource scully_emotemenu has version 80, expected 46. Skipping cache generation for this file.
[20:15:20] [error] [citizen-server-i] Rsc7 file stream/[Props]/[BzZzi]/bzzz_animal_fish002.ydr in resource scully_emotemenu has version 165, expected 159. Skipping cache generation for this file.
[20:15:20] [error] [citizen-server-i] Rsc7 file stream/[Props]/[BzZzi]/bzzz_cigarpack_cig001.ydr in resource scully_emotemenu has version 165, expected 159. Skipping cache generation for this file.
[20:15:20] [error] [citizen-server-i] Rsc7 file stream/[Props]/[BzZzi]/bzzz_cigarpack_cig002.ydr in resource scully_emotemenu has version 165, expected 159. Skipping cache generation for this file.
[20:15:20] [error] [citizen-server-i] Rsc7 file stream/[Props]/[BzZzi]/bzzz_cigarpack_cig003.ydr in resource scully_emotemenu has version 165, expected 159. Skipping cache generation for this file.
[20:15:20] [error] [citizen-server-i] Rsc7 file stream/[Props]/[BzZzi]/bzzz_food_dessert_a.ydr in resource scully_emotemenu has version 165, expected 159. Skipping cache generation for this file.
[20:15:20] [error] [citizen-server-i] Rsc7 file stream/[Props]/[BzZzi]/bzzz_food_xmas_gingerbread_a.ydr in resource scully_emotemenu has version 165, expected 159. Skipping cache generation for this file.
[20:15:20] [error] [citizen-server-i] Rsc7 file stream/[Props]/[BzZzi]/bzzz_food_xmas_lollipop_a.ydr in resource scully_emotemenu has version 165, expected 159. Skipping cache generation for this file.
[20:15:20] [error] [citizen-server-i] Rsc7 file stream/[Props]/[BzZzi]/bzzz_food_xmas_lollipop_b.ydr in resource scully_emotemenu has version 165, expected 159. Skipping cache generation for this file.
[20:15:20] [error] [citizen-server-i] Rsc7 file stream/[Props]/[BzZzi]/bzzz_food_xmas_lollipop_c.ydr in resource scully_emotemenu has version 165, expected 159. Skipping cache generation for this file.
[20:15:20] [error] [citizen-server-i] Rsc7 file stream/[Props]/[BzZzi]/bzzz_food_xmas_lollipop_d.ydr in resource scully_emotemenu has version 165, expected 159. Skipping cache generation for this file.
[20:15:20] [error] [citizen-server-i] Rsc7 file stream/[Props]/[BzZzi]/bzzz_food_xmas_lollipop_e.ydr in resource scully_emotemenu has version 165, expected 159. Skipping cache generation for this file.
[20:15:20] [error] [citizen-server-i] Rsc7 file stream/[Props]/[BzZzi]/bzzz_food_xmas_macaroon_a.ydr in resource scully_emotemenu has version 165, expected 159. Skipping cache generation for this file.
[20:15:20] [error] [citizen-server-i] Rsc7 file stream/[Props]/[BzZzi]/bzzz_food_xmas_mug_a.ydr in resource scully_emotemenu has version 165, expected 159. Skipping cache generation for this file.
[20:15:20] [error] [citizen-server-i] Rsc7 file stream/[Props]/[BzZzi]/bzzz_food_xmas_mug_b.ydr in resource scully_emotemenu has version 165, expected 159. Skipping cache generation for this file.
[20:15:20] [error] [citizen-server-i] Rsc7 file stream/[Props]/[BzZzi]/bzzz_food_xmas_mulled_wine_a.ydr in resource scully_emotemenu has version 165, expected 159. Skipping cache generation for this file.
[20:15:20] [error] [citizen-server-i] Rsc7 file stream/[Props]/[BzZzi]/bzzz_foodpack_croissant001.ydr in resource scully_emotemenu has version 165, expected 159. Skipping cache generation for this file.
[20:15:20] [error] [citizen-server-i] Rsc7 file stream/[Props]/[BzZzi]/bzzz_foodpack_donut001.ydr in resource scully_emotemenu has version 165, expected 159. Skipping cache generation for this file.
[20:15:20] [error] [citizen-server-i] Rsc7 file stream/[Props]/[BzZzi]/bzzz_foodpack_donut002.ydr in resource scully_emotemenu has version 165, expected 159. Skipping cache generation for this file.
[20:15:20] [error] [citizen-server-i] Rsc7 file stream/[Props]/[BzZzi]/bzzz_icecream_cherry.ydr in resource scully_emotemenu has version 165, expected 159. Skipping cache generation for this file.
[20:15:20] [error] [citizen-server-i] Rsc7 file stream/[Props]/[BzZzi]/bzzz_icecream_chocolate.ydr in resource scully_emotemenu has version 165, expected 159. Skipping cache generation for this file.
[20:15:20] [error] [citizen-server-i] Rsc7 file stream/[Props]/[BzZzi]/bzzz_icecream_lemon.ydr in resource scully_emotemenu has version 165, expected 159. Skipping cache generation for this file.
[20:15:20] [error] [citizen-server-i] Rsc7 file stream/[Props]/[BzZzi]/bzzz_icecream_pistachio.ydr in resource scully_emotemenu has version 165, expected 159. Skipping cache generation for this file.
[20:15:20] [error] [citizen-server-i] Rsc7 file stream/[Props]/[BzZzi]/bzzz_icecream_raspberry.ydr in resource scully_emotemenu has version 165, expected 159. Skipping cache generation for this file.
[20:15:20] [error] [citizen-server-i] Rsc7 file stream/[Props]/[BzZzi]/bzzz_icecream_stracciatella.ydr in resource scully_emotemenu has version 165, expected 159. Skipping cache generation for this file.
[20:15:20] [error] [citizen-server-i] Rsc7 file stream/[Props]/[BzZzi]/bzzz_icecream_strawberry.ydr in resource scully_emotemenu has version 165, expected 159. Skipping cache generation for this file.
[20:15:20] [error] [citizen-server-i] Rsc7 file stream/[Props]/[BzZzi]/bzzz_icecream_walnut.ydr in resource scully_emotemenu has version 165, expected 159. Skipping cache generation for this file.
[20:15:20] [error] [citizen-server-i] Rsc7 file stream/[Props]/[BzZzi]/bzzz_murder_axe001.ydr in resource scully_emotemenu has version 165, expected 159. Skipping cache generation for this file.
[20:15:20] [error] [citizen-server-i] Rsc7 file stream/[Props]/[BzZzi]/bzzz_murder_durex001.ydr in resource scully_emotemenu has version 165, expected 159. Skipping cache generation for this file.
[20:15:20] [error] [citizen-server-i] Rsc7 file stream/[Props]/[BzZzi]/bzzz_murder_machete001.ydr in resource scully_emotemenu has version 165, expected 159. Skipping cache generation for this file.
[20:15:20] [error] [citizen-server-i] Rsc7 file stream/[Props]/[BzZzi]/bzzz_pizzahut_box_a.ydr in resource scully_emotemenu has version 165, expected 159. Skipping cache generation for this file.
[20:15:20] [error] [citizen-server-i] Rsc7 file stream/[Props]/[BzZzi]/bzzz_pizzahut_box_a.ytd in resource scully_emotemenu has version 13, expected 5. Skipping cache generation for this file.
[20:15:20] [error] [citizen-server-i] Rsc7 file stream/[Props]/[BzZzi]/bzzz_pizzahut_cup_a.ydr in resource scully_emotemenu has version 165, expected 159. Skipping cache generation for this file.
[20:15:20] [error] [citizen-server-i] Rsc7 file stream/[Props]/[BzZzi]/bzzz_pizzahut_cup_a.ytd in resource scully_emotemenu has version 13, expected 5. Skipping cache generation for this file.
[20:15:20] [error] [citizen-server-i] Rsc7 file stream/[Props]/[BzZzi]/bzzz_pizzahut_menu_a.ydr in resource scully_emotemenu has version 165, expected 159. Skipping cache generation for this file.
[20:15:20] [error] [citizen-server-i] Rsc7 file stream/[Props]/[BzZzi]/bzzz_pizzahut_menu_a.ytd in resource scully_emotemenu has version 13, expected 5. Skipping cache generation for this file.
[20:15:20] [error] [citizen-server-i] Rsc7 file stream/[Props]/[BzZzi]/bzzz_prop_gift_bonbonier.ydr in resource scully_emotemenu has version 165, expected 159. Skipping cache generation for this file.
[20:15:20] [error] [citizen-server-i] Rsc7 file stream/[Props]/[BzZzi]/bzzz_prop_gift_jewel.ydr in resource scully_emotemenu has version 165, expected 159. Skipping cache generation for this file.
[20:15:20] [error] [citizen-server-i] Rsc7 file stream/[Props]/[BzZzi]/bzzz_prop_gift_orange.ydr in resource scully_emotemenu has version 165, expected 159. Skipping cache generation for this file.
[20:15:20] [error] [citizen-server-i] Rsc7 file stream/[Props]/[BzZzi]/bzzz_prop_gift_purple.ydr in resource scully_emotemenu has version 165, expected 159. Skipping cache generation for this file.
[20:15:20] [error] [citizen-server-i] Rsc7 file stream/[Props]/[BzZzi]/bzzz_prop_torch_fire001.ydr in resource scully_emotemenu has version 165, expected 159. Skipping cache generation for this file.
[20:15:20] [error] [citizen-server-i] Rsc7 file stream/[Props]/[EP]/pprp_icefishing_augur.ydr in resource scully_emotemenu has version 165, expected 159. Skipping cache generation for this file.
[20:15:20] [error] [citizen-server-i] Rsc7 file stream/[Props]/[EP]/pprp_icefishing_box_01.ydr in resource scully_emotemenu has version 165, expected 159. Skipping cache generation for this file.
[20:15:20] [error] [citizen-server-i] Rsc7 file stream/[Props]/[EP]/pprp_icefishing_box_02.ydr in resource scully_emotemenu has version 165, expected 159. Skipping cache generation for this file.
[20:15:20] [error] [citizen-server-i] Rsc7 file stream/[Props]/[Natty3d]/natty_lollipop01.ydr in resource scully_emotemenu has version 165, expected 159. Skipping cache generation for this file.
[20:15:20] [error] [citizen-server-i] Rsc7 file stream/[Props]/[Natty3d]/natty_lollipop02.ydr in resource scully_emotemenu has version 165, expected 159. Skipping cache generation for this file.
[20:15:20] [error] [citizen-server-i] Rsc7 file stream/[Props]/[Natty3d]/natty_lollipop03.ydr in resource scully_emotemenu has version 165, expected 159. Skipping cache generation for this file.
[20:15:20] [error] [citizen-server-i] Rsc7 file stream/[Props]/[Natty3d]/natty_lollipop04.ydr in resource scully_emotemenu has version 165, expected 159. Skipping cache generation for this file.
[20:15:20] [error] [citizen-server-i] Rsc7 file stream/[Props]/[Natty3d]/natty_lollipop05.ydr in resource scully_emotemenu has version 165, expected 159. Skipping cache generation for this file.
[20:15:20] [error] [citizen-server-i] Rsc7 file stream/[Props]/[Natty3d]/natty_lollipop_spin01.ydr in resource scully_emotemenu has version 165, expected 159. Skipping cache generation for this file.
[20:15:20] [error] [citizen-server-i] Rsc7 file stream/[Props]/[Natty3d]/natty_lollipop_spin02.ydr in resource scully_emotemenu has version 165, expected 159. Skipping cache generation for this file.
[20:15:20] [error] [citizen-server-i] Rsc7 file stream/[Props]/[Natty3d]/natty_lollipop_spin03.ydr in resource scully_emotemenu has version 165, expected 159. Skipping cache generation for this file.
[20:15:20] [error] [citizen-server-i] Rsc7 file stream/[Props]/[Natty3d]/natty_lollipop_spin04.ydr in resource scully_emotemenu has version 165, expected 159. Skipping cache generation for this file.
[20:15:20] [error] [citizen-server-i] Rsc7 file stream/[Props]/[Natty3d]/natty_lollipop_spin05.ydr in resource scully_emotemenu has version 165, expected 159. Skipping cache generation for this file.
[20:15:20] [error] [citizen-server-i] Rsc7 file stream/[Props]/[Natty3d]/natty_lollipop_spiral01.ydr in resource scully_emotemenu has version 165, expected 159. Skipping cache generation for this file.
[20:15:20] [error] [citizen-server-i] Rsc7 file stream/[Props]/[Natty3d]/natty_lollipop_spiral02.ydr in resource scully_emotemenu has version 165, expected 159. Skipping cache generation for this file.
[20:15:20] [error] [citizen-server-i] Rsc7 file stream/[Props]/[Natty3d]/natty_lollipop_spiral03.ydr in resource scully_emotemenu has version 165, expected 159. Skipping cache generation for this file.
[20:15:20] [error] [citizen-server-i] Rsc7 file stream/[Props]/[Natty3d]/natty_lollipop_spiral04.ydr in resource scully_emotemenu has version 165, expected 159. Skipping cache generation for this file.
[20:15:20] [error] [citizen-server-i] Rsc7 file stream/[Props]/[Natty3d]/natty_lollipop_spiral05.ydr in resource scully_emotemenu has version 165, expected 159. Skipping cache generation for this file.
[20:15:20] [error] [citizen-server-i] Rsc7 file stream/[Props]/[Natty3d]/natty_lollipop_spiral06.ydr in resource scully_emotemenu has version 165, expected 159. Skipping cache generation for this file.
[20:15:20] [error] [citizen-server-i] Rsc7 file stream/[Props]/[Natty3d]/natty_props_lollipops.ytd in resource scully_emotemenu has version 13, expected 5. Skipping cache generation for this file.
[20:15:20] [error] [citizen-server-i] Rsc7 file stream/[Props]/[Rockstar]/p_amb_brolly_01.ydr in resource scully_emotemenu has version 165, expected 159. Skipping cache generation for this file.
[20:15:20] [error] [citizen-server-i] Rsc7 file stream/[Props]/[Rockstar]/p_cs_clipboard.ydr in resource scully_emotemenu has version 165, expected 159. Skipping cache generation for this file.
[20:15:20] [error] [citizen-server-i] Rsc7 file stream/[Props]/[SMGMissy]/lilprideflag1.ydr in resource scully_emotemenu has version 165, expected 159. Skipping cache generation for this file.
[20:15:20] [error] [citizen-server-i] Rsc7 file stream/[Props]/[SMGMissy]/lilprideflag2.ydr in resource scully_emotemenu has version 165, expected 159. Skipping cache generation for this file.
[20:15:20] [error] [citizen-server-i] Rsc7 file stream/[Props]/[SMGMissy]/lilprideflag3.ydr in resource scully_emotemenu has version 165, expected 159. Skipping cache generation for this file.
[20:15:20] [error] [citizen-server-i] Rsc7 file stream/[Props]/[SMGMissy]/lilprideflag4.ydr in resource scully_emotemenu has version 165, expected 159. Skipping cache generation for this file.
[20:15:20] [error] [citizen-server-i] Rsc7 file stream/[Props]/[SMGMissy]/lilprideflag5.ydr in resource scully_emotemenu has version 165, expected 159. Skipping cache generation for this file.
[20:15:20] [error] [citizen-server-i] Rsc7 file stream/[Props]/[SMGMissy]/lilprideflag6.ydr in resource scully_emotemenu has version 165, expected 159. Skipping cache generation for this file.
[20:15:20] [error] [citizen-server-i] Rsc7 file stream/[Props]/[SMGMissy]/lilprideflag7.ydr in resource scully_emotemenu has version 165, expected 159. Skipping cache generation for this file.
[20:15:20] [error] [citizen-server-i] Rsc7 file stream/[Props]/[SMGMissy]/lilprideflag8.ydr in resource scully_emotemenu has version 165, expected 159. Skipping cache generation for this file.
[20:15:20] [error] [citizen-server-i] Rsc7 file stream/[Props]/[SMGMissy]/lilprideflag9.ydr in resource scully_emotemenu has version 165, expected 159. Skipping cache generation for this file.
[20:15:20] [error] [citizen-server-i] Rsc7 file stream/[Props]/[SMGMissy]/pride_sign_01.ydr in resource scully_emotemenu has version 165, expected 159. Skipping cache generation for this file.
[20:15:20] [error] [citizen-server-i] Rsc7 file stream/[Props]/[SMGMissy]/prideflag1.ydr in resource scully_emotemenu has version 165, expected 159. Skipping cache generation for this file.
[20:15:20] [error] [citizen-server-i] Rsc7 file stream/[Props]/[SMGMissy]/prideflag2.ydr in resource scully_emotemenu has version 165, expected 159. Skipping cache generation for this file.
[20:15:20] [error] [citizen-server-i] Rsc7 file stream/[Props]/[SMGMissy]/prideflag3.ydr in resource scully_emotemenu has version 165, expected 159. Skipping cache generation for this file.
[20:15:20] [error] [citizen-server-i] Rsc7 file stream/[Props]/[SMGMissy]/prideflag4.ydr in resource scully_emotemenu has version 165, expected 159. Skipping cache generation for this file.
[20:15:20] [error] [citizen-server-i] Rsc7 file stream/[Props]/[SMGMissy]/prideflag5.ydr in resource scully_emotemenu has version 165, expected 159. Skipping cache generation for this file.
[20:15:20] [error] [citizen-server-i] Rsc7 file stream/[Props]/[SMGMissy]/prideflag6.ydr in resource scully_emotemenu has version 165, expected 159. Skipping cache generation for this file.
[20:15:20] [error] [citizen-server-i] Rsc7 file stream/[Props]/[SMGMissy]/prideflag7.ydr in resource scully_emotemenu has version 165, expected 159. Skipping cache generation for this file.
[20:15:20] [error] [citizen-server-i] Rsc7 file stream/[Props]/[SMGMissy]/prideflag8.ydr in resource scully_emotemenu has version 165, expected 159. Skipping cache generation for this file.
[20:15:20] [error] [citizen-server-i] Rsc7 file stream/[Props]/[SMGMissy]/prideflag9.ydr in resource scully_emotemenu has version 165, expected 159. Skipping cache generation for this file.
[20:15:20] [error] [citizen-server-i] Rsc7 file stream/[Props]/[Sam]/prop_lspd_badge+hidr.ytd in resource scully_emotemenu has version 13, expected 5. Skipping cache generation for this file.
[20:15:20] [error] [citizen-server-i] Rsc7 file stream/[Props]/[Sam]/prop_lspd_badge.ydr in resource scully_emotemenu has version 165, expected 159. Skipping cache generation for this file.
[20:15:20] [error] [citizen-server-i] Rsc7 file stream/[Props]/[Scully]/scully_blm.ydr in resource scully_emotemenu has version 165, expected 159. Skipping cache generation for this file.
[20:15:20] [error] [citizen-server-i] Rsc7 file stream/[Props]/[Scully]/scully_boba.ydr in resource scully_emotemenu has version 165, expected 159. Skipping cache generation for this file.
[20:15:20] [error] [citizen-server-i] Rsc7 file stream/[Props]/[Scully]/scully_boba2.ydr in resource scully_emotemenu has version 165, expected 159. Skipping cache generation for this file.
[20:15:20] [error] [citizen-server-i] Rsc7 file stream/[Props]/[Scully]/scully_boba3.ydr in resource scully_emotemenu has version 165, expected 159. Skipping cache generation for this file.
[20:15:20] [error] [citizen-server-i] Rsc7 file stream/[Props]/[Scully]/scully_pho.ydr in resource scully_emotemenu has version 165, expected 159. Skipping cache generation for this file.
[20:15:20] [error] [citizen-server-i] Rsc7 file stream/[Props]/[Scully]/scully_spoon_pho.ydr in resource scully_emotemenu has version 165, expected 159. Skipping cache generation for this file.
[20:15:20] [error] [citizen-server-i] Rsc7 file stream/[Props]/[Ultrahacx]/ultra_ringcase.ydr in resource scully_emotemenu has version 165, expected 159. Skipping cache generation for this file.
[20:15:20] [ info] [citizen-server-i] Started resource scully_emotemenu
[20:15:20] [ info] [citizen-server-i] Starting resource ultra-voltlab
[20:15:20] [error] [citizen-server-i] Rsc7 file stream/mpisland_voltage.ytd in resource ultra-voltlab has version 13, expected 5. Skipping cache generation for this file.
[20:15:20] [error] [citizen-server-i] Rsc7 file stream/mpisland_voltage_bg.ytd in resource ultra-voltlab has version 13, expected 5. Skipping cache generation for this file.
[20:15:20] [ info] [citizen-server-i] Started resource ultra-voltlab
[20:15:20] [ info] [citizen-server-i] Starting resource vehiclehandler
[20:15:20] [ info] [citizen-server-i] Started resource vehiclehandler
[20:15:20] [ info] [citizen-server-i] Starting resource xt-prison
[20:15:20] [error] [extra-natives-fi] Command jail is already registered.
[20:15:20] [error] [extra-natives-fi] Command unjail is already registered.
[20:15:20] [ info] [citizen-server-i] Started resource xt-prison
[20:15:20] [ info] [citizen-server-i] Starting resource mm_radio
[20:15:21] [ info] [citizen-server-i] Started resource mm_radio
[20:15:21] [ info] [citizen-server-i] Starting resource pillbox
║             TXADMIN║ Restarting server: Server process close detected.

║             TXADMIN║ ================================================================
║             TXADMIN║ ======== [17104] FXServer Starting - 5/9/2026, 8:15:22 pm       
║             TXADMIN║ ================================================================
[20:15:23] [ info] [citizen-server-i] Scanning resources
[20:15:23] [ info] [citizen-server-i] Found 93 resources
[20:15:23] [ warn] [citizen-resource] Resource 'pillbox' uses the deprecated 'stream/' folder. Please rename it to 'stream_enhanced/' for future compatibility.
[20:15:23] [ warn] [citizen-resource] Resource 'bob74_ipl' uses the deprecated 'stream/' folder. Please rename it to 'stream_enhanced/' for future compatibility.
[20:15:23] [ warn] [citizen-resource] Resource 'qbx_hud' uses the deprecated 'stream/' folder. Please rename it to 'stream_enhanced/' for future compatibility.
[20:15:23] [ warn] [citizen-resource] Resource 'qbx_density' uses the deprecated 'stream/' folder. Please rename it to 'stream_enhanced/' for future compatibility.
[20:15:23] [ warn] [citizen-resource] Resource 'qbx_customs' uses the deprecated 'stream/' folder. Please rename it to 'stream_enhanced/' for future compatibility.
[20:15:23] [ warn] [citizen-resource] Resource 'qbx_properties' uses the deprecated 'stream/' folder. Please rename it to 'stream_enhanced/' for future compatibility.
[20:15:23] [ warn] [citizen-resource] Resource 'ultra-voltlab' uses the deprecated 'stream/' folder. Please rename it to 'stream_enhanced/' for future compatibility.
[20:15:23] [ warn] [citizen-resource] Resource 'scully_emotemenu' uses the deprecated 'stream/' folder. Please rename it to 'stream_enhanced/' for future compatibility.
[20:15:23] [error] [           fivem] sv_enforceGameBuild is used with an invalid value 3258. Only 1 is supported to remove any game dlcs.
║             TXADMIN║ txaEvent "serverShuttingDown" "{\"delay\":5000,\"author\":\"NotAGirl\",\"message\":\"Server shutting down (admin request).\"}"
[20:15:24] [ info] [         txadmin] [txAdmin] Resource v9.0.0-beta-646aba9a threads and commands set up. All Ready.
[20:15:24] [ info] [citizen-server-i] Starting resource mapmanager
[20:15:24] [ info] [citizen-server-i] Started resource mapmanager
[20:15:24] [ info] [citizen-server-i] Starting resource spawnmanager
[20:15:24] [ info] [citizen-server-i] Started resource spawnmanager
[20:15:24] [error] [citizen-server-i] Failed to ensure resource sessionmanager. Error: Resource "sessionmanager" not found
[20:15:24] [ info] [citizen-server-i] Stopped resource basic-gamemode
[20:15:24] [error] [citizen-server-i] Failed to ensure resource hardcap. Error: Resource "hardcap" not found
[20:15:24] [ info] [citizen-server-i] Starting resource baseevents
[20:15:24] [ info] [citizen-server-i] Started resource baseevents
[20:15:24] [ info] [citizen-server-i] Starting resource ox_lib
[20:15:24] [ info] [citizen-server-i] Started resource ox_lib
[20:15:24] [ info] [citizen-server-i] Starting resource qbx_core
[20:15:24] [ info] [citizen-server-i] Started resource qbx_core
[20:15:24] [ info] [citizen-server-i] Starting resource ox_target
[20:15:24] [ info] [citizen-server-i] Started resource ox_target
[20:15:24] [ info] [citizen-server-i] Starting resource ox_doorlock
[20:15:24] [ info] [citizen-server-i] Started resource ox_doorlock
[20:15:24] [ info] [citizen-server-i] Starting resource ox_fuel
[20:15:24] [ info] [citizen-server-i] Started resource ox_fuel
[20:15:24] [ info] [citizen-server-i] Starting resource qbx_adminmenu
[20:15:24] [ info] [citizen-server-i] Started resource qbx_adminmenu
[20:15:24] [ info] [citizen-server-i] Starting resource qbx_ambulancejob
[20:15:24] [ info] [citizen-server-i] Started resource qbx_ambulancejob
[20:15:24] [ info] [citizen-server-i] Starting resource qbx_bankrobbery
[20:15:24] [ info] [citizen-server-i] Started resource qbx_bankrobbery
[20:15:24] [ info] [citizen-server-i] Starting resource qbx_binoculars
[20:15:24] [ info] [citizen-server-i] Started resource qbx_binoculars
[20:15:24] [ info] [citizen-server-i] Starting resource qbx_busjob
[20:15:24] [ info] [citizen-server-i] Started resource qbx_busjob
[20:15:24] [ info] [citizen-server-i] Starting resource qbx_carwash
[20:15:24] [ info] [citizen-server-i] Started resource qbx_carwash
[20:15:24] [ info] [citizen-server-i] Starting resource qbx_chat_theme
[20:15:24] [ info] [citizen-server-i] Started resource qbx_chat_theme
[20:15:24] [ info] [citizen-server-i] Starting resource qbx_cityhall
[20:15:24] [ info] [citizen-server-i] Started resource qbx_cityhall
[20:15:24] [ info] [citizen-server-i] Starting resource qbx_customs
[20:15:24] [ info] [citizen-server-i] Started resource qbx_customs
[20:15:24] [ info] [citizen-server-i] Starting resource qbx_density
[20:15:24] [ info] [citizen-server-i] Started resource qbx_density
[20:15:24] [ info] [citizen-server-i] Starting resource qbx_divegear
[20:15:24] [ info] [citizen-server-i] Started resource qbx_divegear
[20:15:24] [ info] [citizen-server-i] Starting resource qbx_diving
[20:15:24] [ info] [citizen-server-i] Started resource qbx_diving
[20:15:24] [ info] [citizen-server-i] Starting resource qbx_drugs
[20:15:24] [ info] [citizen-server-i] Started resource qbx_drugs
[20:15:24] [ info] [citizen-server-i] Starting resource qbx_fireworks
[20:15:24] [ info] [citizen-server-i] Started resource qbx_fireworks
[20:15:24] [ info] [citizen-server-i] Starting resource qbx_garages
[20:15:24] [ info] [citizen-server-i] Started resource qbx_garages
[20:15:24] [ info] [citizen-server-i] Starting resource qbx_garbagejob
[20:15:24] [ info] [citizen-server-i] Started resource qbx_garbagejob
[20:15:24] [ info] [citizen-server-i] Starting resource qbx_houserobbery
[20:15:24] [ info] [citizen-server-i] Started resource qbx_houserobbery
[20:15:24] [ info] [citizen-server-i] Starting resource qbx_hud
[20:15:24] [ info] [citizen-server-i] Started resource qbx_hud
[20:15:24] [ info] [citizen-server-i] Starting resource qbx_idcard
[20:15:24] [ info] [citizen-server-i] Started resource qbx_idcard
[20:15:24] [ info] [citizen-server-i] Starting resource qbx_jewelery
[20:15:24] [ info] [citizen-server-i] Started resource qbx_jewelery
[20:15:24] [ info] [citizen-server-i] Starting resource qbx_lapraces
[20:15:24] [ info] [citizen-server-i] Started resource qbx_lapraces
[20:15:24] [ info] [citizen-server-i] Starting resource qbx_management
[20:15:24] [ info] [citizen-server-i] Started resource qbx_management
[20:15:24] [ info] [citizen-server-i] Starting resource qbx_mechanicjob
[20:15:24] [ info] [citizen-server-i] Started resource qbx_mechanicjob
[20:15:24] [ info] [citizen-server-i] Starting resource qbx_newsjob
[20:15:24] [ info] [citizen-server-i] Started resource qbx_newsjob
[20:15:24] [ info] [citizen-server-i] Starting resource qbx_pawnshop
[20:15:24] [ info] [citizen-server-i] Started resource qbx_pawnshop
[20:15:24] [ info] [citizen-server-i] Starting resource qbx_police
[20:15:24] [ info] [citizen-server-i] Started resource qbx_police
[20:15:24] [ info] [citizen-server-i] Starting resource qbx_properties
[20:15:24] [ info] [citizen-server-i] Started resource qbx_properties
[20:15:24] [ info] [citizen-server-i] Starting resource qbx_radialmenu
[20:15:24] [ info] [citizen-server-i] Started resource qbx_radialmenu
[20:15:24] [ info] [citizen-server-i] Starting resource qbx_recyclejob
[20:15:24] [ info] [citizen-server-i] Started resource qbx_recyclejob
[20:15:24] [ info] [citizen-server-i] Starting resource qbx_scoreboard
[20:15:24] [ info] [citizen-server-i] Started resource qbx_scoreboard
[20:15:24] [ info] [citizen-server-i] Starting resource qbx_scrapyard
[20:15:24] [ info] [citizen-server-i] Started resource qbx_scrapyard
[20:15:24] [ info] [citizen-server-i] Starting resource qbx_seatbelt
[20:15:24] [ info] [citizen-server-i] Started resource qbx_seatbelt
[20:15:24] [ info] [citizen-server-i] Starting resource qbx_smallresources
[20:15:24] [ info] [qbx_smallresourc] [qbx_smallresources] [WARN] [qbx_entitiesblacklist] You have entity blacklist enabled, this means that any entity that is blacklisted in config.lua will not be able to spawn, you can change this in qbx_smallresource/qbx_entitiesblacklist/config.lua
[20:15:24] [ info] [citizen-server-i] Started resource qbx_smallresources
[20:15:24] [ info] [citizen-server-i] Starting resource qbx_spawn
[20:15:24] [ info] [citizen-server-i] Started resource qbx_spawn
[20:15:24] [ info] [citizen-server-i] Starting resource qbx_storerobbery
[20:15:25] [ info] [citizen-server-i] Started resource qbx_storerobbery
[20:15:25] [ info] [citizen-server-i] Starting resource qbx_streetraces
[20:15:25] [ info] [citizen-server-i] Started resource qbx_streetraces
[20:15:25] [ info] [citizen-server-i] Starting resource qbx_taxijob
[20:15:25] [ info] [citizen-server-i] Started resource qbx_taxijob
[20:15:25] [ info] [citizen-server-i] Starting resource qbx_towjob
[20:15:25] [ info] [citizen-server-i] Started resource qbx_towjob
[20:15:25] [ info] [citizen-server-i] Starting resource qbx_truckerjob
[20:15:25] [ info] [citizen-server-i] Started resource qbx_truckerjob
[20:15:25] [ info] [citizen-server-i] Starting resource qbx_truckrobbery
[20:15:25] [ info] [citizen-server-i] Started resource qbx_truckrobbery
[20:15:25] [ info] [citizen-server-i] Starting resource qbx_vehiclekeys
[20:15:25] [ info] [citizen-server-i] Started resource qbx_vehiclekeys
[20:15:25] [ info] [citizen-server-i] Starting resource qbx_vehicles
[20:15:25] [ info] [citizen-server-i] Started resource qbx_vehicles
[20:15:25] [ info] [citizen-server-i] Starting resource qbx_vehiclesales
[20:15:25] [ info] [citizen-server-i] Started resource qbx_vehiclesales
[20:15:25] [ info] [citizen-server-i] Starting resource qbx_vehicleshop
[20:15:25] [ info] [citizen-server-i] Started resource qbx_vehicleshop
[20:15:25] [ info] [citizen-server-i] Starting resource qbx_vineyard
[20:15:25] [ info] [citizen-server-i] Started resource qbx_vineyard
[20:15:25] [ info] [citizen-server-i] Starting resource qbx_weed
[20:15:25] [ info] [citizen-server-i] Started resource qbx_weed
[20:15:25] [ info] [citizen-server-i] Starting resource bob74_ipl
[20:15:25] [error] [citizen-server-i] Failed to start resource bob74_ipl. Error: Failed to generate cache for set: resource.rpf
[20:15:25] [ info] [citizen-server-i] Starting resource illenium-appearance
[20:15:25] [ info] [citizen-server-i] Started resource illenium-appearance
[20:15:25] [ info] [citizen-server-i] Starting resource loadscreen
[20:15:25] [ info] [citizen-server-i] Started resource loadscreen
[20:15:25] [ info] [citizen-server-i] Starting resource mana_audio
[20:15:25] [ info] [citizen-server-i] Started resource mana_audio
[20:15:25] [ info] [citizen-server-i] Starting resource mhacking
[20:15:25] [ info] [citizen-server-i] Started resource mhacking
[20:15:25] [ info] [citizen-server-i] Starting resource Renewed-Banking
[20:15:25] [ info] [citizen-server-i] Started resource Renewed-Banking
[20:15:25] [ info] [citizen-server-i] Starting resource Renewed-Weathersync
[20:15:25] [ info] [citizen-server-i] Started resource Renewed-Weathersync
[20:15:25] [ info] [citizen-server-i] Starting resource safecracker
[20:15:25] [ info] [citizen-server-i] Started resource safecracker
[20:15:25] [ info] [citizen-server-i] Starting resource screencapture
[20:15:25] [ info] [citizen-server-i] Started resource screencapture
[20:15:25] [ info] [citizen-server-i] Starting resource scully_emotemenu
[20:15:25] [ info] [citizen-server-i] Started resource scully_emotemenu
[20:15:25] [ info] [citizen-server-i] Starting resource ultra-voltlab
[20:15:25] [ info] [citizen-server-i] Started resource ultra-voltlab
[20:15:25] [ info] [citizen-server-i] Starting resource vehiclehandler
[20:15:25] [ info] [citizen-server-i] Started resource vehiclehandler
[20:15:25] [ info] [citizen-server-i] Starting resource xt-prison
[20:15:25] [error] [extra-natives-fi] Command jail is already registered.
[20:15:25] [error] [extra-natives-fi] Command unjail is already registered.
[20:15:25] [ info] [citizen-server-i] Started resource xt-prison
[20:15:25] [ info] [citizen-server-i] Starting resource mm_radio
[20:15:25] [ info] [citizen-server-i] Started resource mm_radio
[20:15:25] [ info] [citizen-server-i] Starting resource pillbox
[20:15:25] [ warn] [citizen-server-i] svSync thread warning: timer interval of 202ms milliseconds
║             TXADMIN║ Restarting server: Server process close detected.
